Last login: Tue Feb 27 11:44:33 on ttys004
o%                                                                              (base) dumpling@Jerrys-MacBook-Air ~ % vim 










































(base) dumpling@Jerrys-MacBook-Air ~ % pathogen
zsh: command not found: pathogen
(base) dumpling@Jerrys-MacBook-Air ~ % vim
(base) dumpling@Jerrys-MacBook-Air ~ % cd ~/.vim/autoload

(base) dumpling@Jerrys-MacBook-Air autoload % curl -LSso ~/.vim/autoload/pathogen.vim https://tpo.pe/pathogen.vim

(base) dumpling@Jerrys-MacBook-Air autoload % vim ~/.vimrc

(base) dumpling@Jerrys-MacBook-Air autoload %    
(base) dumpling@Jerrys-MacBook-Air autoload % vim ~/.vimrc
(base) dumpling@Jerrys-MacBook-Air autoload % vim
(base) dumpling@Jerrys-MacBook-Air autoload % cd ~/.vim    # On Unix-like systems

cd: too many arguments
(base) dumpling@Jerrys-MacBook-Air autoload % cd ~/.vim                          
(base) dumpling@Jerrys-MacBook-Air .vim % ls
autoload	backup		colors		plugged
(base) dumpling@Jerrys-MacBook-Air .vim % mkdir bundle
(base) dumpling@Jerrys-MacBook-Air .vim % ls
autoload	backup		bundle		colors		plugged
(base) dumpling@Jerrys-MacBook-Air .vim % cd                                              
(base) dumpling@Jerrys-MacBook-Air ~ % cd /path/to/directory/containing/downloaded/file

cd: no such file or directory: /path/to/directory/containing/downloaded/file
(base) dumpling@Jerrys-MacBook-Air ~ % cd downloads
(base) dumpling@Jerrys-MacBook-Air downloads % mv wombat265mod.vim ~/.vim/colors/            
mv: rename wombat265mod.vim to /Users/dumpling/.vim/colors/wombat265mod.vim: No such file or directory
(base) dumpling@Jerrys-MacBook-Air downloads % mv wombat 256mod.vim ~/.vim/colors/
mv: rename wombat to /Users/dumpling/.vim/colors/wombat: No such file or directory
mv: rename 256mod.vim to /Users/dumpling/.vim/colors/256mod.vim: No such file or directory
(base) dumpling@Jerrys-MacBook-Air downloads % mv wombat256mod.vim ~/.vim/colors/
(base) dumpling@Jerrys-MacBook-Air downloads % vim
(base) dumpling@Jerrys-MacBook-Air downloads % vim ~/.vimrc
(base) dumpling@Jerrys-MacBook-Air downloads % cd
(base) dumpling@Jerrys-MacBook-Air ~ % vim ~/.vimrc
(base) dumpling@Jerrys-MacBook-Air ~ % ls ~/.vimrc
/Users/dumpling/.vimrc
(base) dumpling@Jerrys-MacBook-Air ~ % lsof /.vimrc
lsof: status error on /.vimrc: No such file or directory
lsof 4.91
 latest revision: ftp://lsof.itap.purdue.edu/pub/tools/unix/lsof/
 latest FAQ: ftp://lsof.itap.purdue.edu/pub/tools/unix/lsof/FAQ
 latest man page: ftp://lsof.itap.purdue.edu/pub/tools/unix/lsof/lsof_man
 usage: [-?abhlnNoOPRtUvVX] [+|-c c] [+|-d s] [+D D] [+|-f[cgG]]
 [-F [f]] [-g [s]] [-i [i]] [+|-L [l]] [+|-M] [-o [o]] [-p s]
 [+|-r [t]] [-s [p:s]] [-S [t]] [-T [t]] [-u s] [+|-w] [-x [fl]] [--] [names]
Use the ``-h'' option to get more help information.
(base) dumpling@Jerrys-MacBook-Air ~ % vim ~/.vimrc
(base) dumpling@Jerrys-MacBook-Air ~ % vim -u NONE

(base) dumpling@Jerrys-MacBook-Air ~ % vim~/.vimrc
zsh: no such file or directory: vim~/.vimrc
(base) dumpling@Jerrys-MacBook-Air ~ % vim .vimrc
(base) dumpling@Jerrys-MacBook-Air ~ % vim .vimrc
(base) dumpling@Jerrys-MacBook-Air ~ % vim

  1 watched sunday football, tried to use chatgpt and played ball. tried to do some platinum problems but no sucess and also got a little better at valorant. went to santi's house and also did a lot of quicksort algorithms. ate the kinder bar     and also some left over rice plus huang gua and meat.I should have known about it. I really need to get better at programming and also just get a better work ethic. Today I invited marc over and tried to play more
  2 why is it so hard for me to get better at stuff. Programming should be something that I just do. When will I actually get better at programming?
~                                                                                                                                                                                                                                                  
~                                                                                                                                                                                                                                                  
~                                                                                                                                                                                                                                                  
~                                                                                                                                                                                                                                                  
~                                                                                                                                                                                                                                                  
~                                                                                                                                                                                                                                                  
~                                                                                                                                                                                                                                                  
~                                                                                                                                                                                                                                                  
~                                                                                                                                                                                                                                                  
~                                                                                                                                                                                                                                                  
~                                                                                                                                                                                                                                                  
~                                                                                                                                                                                                                                                  
~                                                                                                                                                                                                                                                  
~                                                                                                                                                                                                                                                  
~                                                                                                                                                                                                                                                  
~                                                                                                                                                                                                                                                  
~                                                                                                                                                                                                                                                  
~                                                                                                                                                                                                                                                  
~                                                                                                                                                                                                                                                  
~                                                                                                                                                                                                                                                  
~                                                                                                                                                                                                                                                  
~                                                                                                                                                                                                                                                  
~                                                                                                                                                                                                                                                  
~                                                                                                                                                                                                                                                  
~                                                                                                                                                                                                                                                  
~                                                                                                                                                                                                                                                  
~                                                                                                                                                                                                                                                  
~                                                                                                                                                                                                                                                  
~                                                                                                                                                                                                                                                  
~                                                                                                                                                                                                                                                  
~                                                                                                                                                                                                                                                  
~                                                                                                                                                                                                                                                  
~                                                                                                                                                                                                                                                  
~                                                                                                                                                                                                                                                  
~                                                                                                                                                                                                                                                  
~                                                                                                                                                                                                                                                  
~                                                                                                                                                                                                                                                  
~                                                                                                                                                                                                                                                  
~                                                                                                                                                                                                                                                  
~                                                                                                                                                                                                                                                  
~                                                                                                                                                                                                                                                  
~                                                                                                                                                                                                                                                  
~                                                                                                                                                                                                                                                  
~                                                                                                                                                                                                                                                  
~                                                                                                                                                                                                                                                  
~                                                                                                                                                                                                                                                  
~                                                                                                                                                                                                                                                  
~                                                                                                                                                                                                                                                  
~                                                                                                                                                                                                                                                  
~                                                                                                                                                                                                                                                  
~                                                                                                                                                                                                                                                  
~                                                                                                                                                                                                                                                  
~                                                                                                                                                                                                                                                  
~                                                                                                                                                                                                                                                  
~                                                                                                                                                                                                                                                  
~                                                                                                                                                                                                                                                  
~                                                                                                                                                                                                                                                  
~                                                                                                                                                                                                                                                  
~                                                                                                                                                                                                                                                  
~                                                                                                                                                                                                                                                  
~                                                                                                                                                                                                                                                  
~                                                                                                                                                                                                                                                  
~                                                                                                                                                                                                                                                  
~                                                                                                                                                                                                                                                  
~                                                                                                                                                                                                                                                  
~                                                                                                                                                                                                                                                  
-- INSERT --
